// Jest Snapshot v1, https://goo.gl/fbAQLP

exports[`test on GifGrid match snaspshot 1`] = `
<div>
  <h3>
    Saitama
  </h3>
  <h2>
    Cargando...
  </h2>
  <div
    class="card-grid"
  />
</div>
`;
